// Jest Snapshot v1, https://goo.gl/fbAQLP

exports[`<Cite /> should render correctly. 1`] = `
<Cite>
  <Styled(cite)
    className={undefined}
    styles={
      Array [
        Object {
          "color": "#ee0",
        },
        Object {},
        Object {},
        undefined,
      ]
    }
  >
    <cite
      className="css-1j6fsf6"
    >
      - 
      Someone
    </cite>
  </Styled(cite)>
</Cite>
`;
