// Jest Snapshot v1, https://goo.gl/fbAQLP

exports[`<CodePane /> should render correctly. 1`] = `
<Styled(div)
  className=""
  styles={
    Array [
      Object {},
      Object {},
      undefined,
    ]
  }
>
  <Styled(Component)
    className="language-jsx builtin-prism-theme "
    code="
      const myButton = (
        <CustomButton
          style={{ background: '#f00' }}
          onClick={this.action}
        >
         Click Me
        </CustomButton>
      );
    "
    contentEditable={false}
    language="jsx"
    onClick={[Function]}
    onKeyDown={[Function]}
    onKeyUp={[Function]}
    prismTheme="dark;"
    syntaxStyles={Object {}}
  />
</Styled(div)>
`;
