// Jest Snapshot v1, https://goo.gl/fbAQLP

exports[`<Code /> should render correctly. 1`] = `
<Code>
  <Styled(code)
    className={undefined}
    dangerouslySetInnerHTML={
      Object {
        "__html": "const [a, ...b] = [1, 2, 3, 4]",
      }
    }
    styles={
      Array [
        Object {
          "fontWeight": 500,
        },
        Object {},
        undefined,
      ]
    }
  >
    <code
      className="css-10rvbm3"
      dangerouslySetInnerHTML={
        Object {
          "__html": "const [a, ...b] = [1, 2, 3, 4]",
        }
      }
    />
  </Styled(code)>
</Code>
`;
