// Jest Snapshot v1, https://goo.gl/fbAQLP

exports[`<Code /> should render correctly. 1`] = `
<Code>
  <code
    className={undefined}
    dangerouslySetInnerHTML={
      Object {
        "__html": "const [a, ...b] = [1, 2, 3, 4]",
      }
    }
    data-radium={true}
    style={
      Object {
        "fontWeight": 500,
      }
    }
  />
</Code>
`;
