// Jest Snapshot v1, https://goo.gl/fbAQLP

exports[`<ComponentPlayground /> Should render the dark theme correctly 1`] = `
Array [
  <div
    class="css-1ms9r5c e177gi4f3"
  >
    <div
      class="css-1xrujsz e177gi4f4"
    >
      Live Preview
    </div>
    <div
      class="css-1oja9er e177gi4f4"
    >
      Source Code
      <button
        aria-label="Toggle full screen"
        class="css-1a7vuu6 ev51h780"
      >
        <svg
          viewBox="0 0 512 512"
        >
          <path
            d="M64 371.2h76.795V448H192V320H64v51.2zm76.795-230.4H64V192h128V64h-51.205v76.8zM320 448h51.2v-76.8H448V320H320v128zm51.2-307.2V64H320v128h128v-51.2h-76.8z"
            fill="currentColor"
          />
        </svg>
      </button>
    </div>
  </div>,
  <div
    class="css-1ms9r5c e177gi4f3"
  >
    <div
      class="css-1fc71w4 e177gi4f5"
    >
      <div
        class="css-zwvp9g e177gi4f1"
      >
        <div>
          <h1
            style="font-size:2.25rem;font-weight:bold"
          >
            Create Live Code Examples in Spectacle!
          </h1>
          <p
            style="font-size:1.5rem"
          >
            Supports Light and Dark Syntax Themes
          </p>
        </div>
      </div>
    </div>
    <div
      class="css-1fc71w4 e177gi4f5"
    >
      <div
        class="language-jsx builtin-prism-theme css-o6dmj e177gi4f2"
        style="position:relative;text-align:left;box-sizing:border-box;padding:0;overflow:hidden;white-space:pre;font-family:monospace"
      >
        <textarea
          autocapitalize="off"
          autocomplete="off"
          autocorrect="off"
          class="npm__react-simple-code-editor__textarea"
          data-gramm="false"
          spellcheck="false"
          style="margin:0;border:0;background:none;box-sizing:inherit;display:inherit;font-family:inherit;font-size:inherit;font-style:inherit;font-variant-ligatures:inherit;font-weight:inherit;letter-spacing:inherit;line-height:inherit;tab-size:inherit;text-indent:inherit;text-rendering:inherit;text-transform:inherit;white-space:pre-wrap;word-break:keep-all;overflow-wrap:break-word;position:absolute;top:0;left:0;height:100%;width:100%;resize:none;color:inherit;overflow:hidden;-moz-osx-font-smoothing:grayscale;-webkit-font-smoothing:antialiased;-webkit-text-fill-color:transparent;padding-top:10px;padding-right:10px;padding-bottom:10px;padding-left:10px"
        >
          /**
 * Sample React Component
 * Output domContainerNode is 'mountNode'
 */

const styles = {
  heading: {
    fontSize: "2.25rem",
    fontWeight: "bold"
  },
  copy: {
    fontSize: "1.5rem"
  }
}

const HelloWorld = ({ name }) =&gt; (
  &lt;div&gt;
    &lt;h1 style={styles.heading}&gt;
      Create Live Code Examples in {name}!
    &lt;/h1&gt;
    &lt;p style={styles.copy}&gt;
      Supports Light and Dark Syntax Themes
    &lt;/p&gt;
  &lt;/div&gt;
)

render(&lt;HelloWorld name="Spectacle" /&gt;)
        </textarea>
        <pre
          aria-hidden="true"
          style="margin:0;border:0;background:none;box-sizing:inherit;display:inherit;font-family:inherit;font-size:inherit;font-style:inherit;font-variant-ligatures:inherit;font-weight:inherit;letter-spacing:inherit;line-height:inherit;tab-size:inherit;text-indent:inherit;text-rendering:inherit;text-transform:inherit;white-space:pre-wrap;word-break:keep-all;overflow-wrap:break-word;position:relative;pointer-events:none;padding-top:10px;padding-right:10px;padding-bottom:10px;padding-left:10px"
        >
          <div
            class="token-line"
            style="color:#C5C8C6"
          >
            <span
              class="token comment"
              style="color:hsl(30, 20%, 50%)"
            >
              /**
            </span>
          </div>
          <div
            class="token-line"
            style="color:#C5C8C6"
          >
            <span
              class="token comment"
              style="color:hsl(30, 20%, 50%)"
            >
               * Sample React Component
            </span>
          </div>
          <div
            class="token-line"
            style="color:#C5C8C6"
          >
            <span
              class="token comment"
              style="color:hsl(30, 20%, 50%)"
            >
               * Output domContainerNode is 'mountNode'
            </span>
          </div>
          <div
            class="token-line"
            style="color:#C5C8C6"
          >
            <span
              class="token comment"
              style="color:hsl(30, 20%, 50%)"
            >
               */
            </span>
            <span
              class="token plain"
            />
          </div>
          <div
            class="token-line"
            style="color:#C5C8C6"
          >
            <span
              class="token plain"
              style="display:inline-block"
            />
          </div>
          <div
            class="token-line"
            style="color:#C5C8C6"
          >
            <span
              class="token plain"
            />
            <span
              class="token keyword"
              style="color:hsl(350, 40%, 70%)"
            >
              const
            </span>
            <span
              class="token plain"
            >
               styles 
            </span>
            <span
              class="token operator"
              style="color:hsl(40, 90%, 60%)"
            >
              =
            </span>
            <span
              class="token plain"
            >
               
            </span>
            <span
              class="token punctuation"
              style="opacity:0.7"
            >
              {
            </span>
            <span
              class="token plain"
            />
          </div>
          <div
            class="token-line"
            style="color:#C5C8C6"
          >
            <span
              class="token plain"
            >
                heading
            </span>
            <span
              class="token punctuation"
              style="opacity:0.7"
            >
              :
            </span>
            <span
              class="token plain"
            >
               
            </span>
            <span
              class="token punctuation"
              style="opacity:0.7"
            >
              {
            </span>
            <span
              class="token plain"
            />
          </div>
          <div
            class="token-line"
            style="color:#C5C8C6"
          >
            <span
              class="token plain"
            >
                  fontSize
            </span>
            <span
              class="token punctuation"
              style="opacity:0.7"
            >
              :
            </span>
            <span
              class="token plain"
            >
               
            </span>
            <span
              class="token string"
              style="color:hsl(40, 90%, 60%)"
            >
              "2.25rem"
            </span>
            <span
              class="token punctuation"
              style="opacity:0.7"
            >
              ,
            </span>
            <span
              class="token plain"
            />
          </div>
          <div
            class="token-line"
            style="color:#C5C8C6"
          >
            <span
              class="token plain"
            >
                  fontWeight
            </span>
            <span
              class="token punctuation"
              style="opacity:0.7"
            >
              :
            </span>
            <span
              class="token plain"
            >
               
            </span>
            <span
              class="token string"
              style="color:hsl(40, 90%, 60%)"
            >
              "bold"
            </span>
            <span
              class="token plain"
            />
          </div>
          <div
            class="token-line"
            style="color:#C5C8C6"
          >
            <span
              class="token plain"
            >
                
            </span>
            <span
              class="token punctuation"
              style="opacity:0.7"
            >
              }
            </span>
            <span
              class="token punctuation"
              style="opacity:0.7"
            >
              ,
            </span>
            <span
              class="token plain"
            />
          </div>
          <div
            class="token-line"
            style="color:#C5C8C6"
          >
            <span
              class="token plain"
            >
                copy
            </span>
            <span
              class="token punctuation"
              style="opacity:0.7"
            >
              :
            </span>
            <span
              class="token plain"
            >
               
            </span>
            <span
              class="token punctuation"
              style="opacity:0.7"
            >
              {
            </span>
            <span
              class="token plain"
            />
          </div>
          <div
            class="token-line"
            style="color:#C5C8C6"
          >
            <span
              class="token plain"
            >
                  fontSize
            </span>
            <span
              class="token punctuation"
              style="opacity:0.7"
            >
              :
            </span>
            <span
              class="token plain"
            >
               
            </span>
            <span
              class="token string"
              style="color:hsl(40, 90%, 60%)"
            >
              "1.5rem"
            </span>
            <span
              class="token plain"
            />
          </div>
          <div
            class="token-line"
            style="color:#C5C8C6"
          >
            <span
              class="token plain"
            >
                
            </span>
            <span
              class="token punctuation"
              style="opacity:0.7"
            >
              }
            </span>
            <span
              class="token plain"
            />
          </div>
          <div
            class="token-line"
            style="color:#C5C8C6"
          >
            <span
              class="token plain"
            />
            <span
              class="token punctuation"
              style="opacity:0.7"
            >
              }
            </span>
            <span
              class="token plain"
            />
          </div>
          <div
            class="token-line"
            style="color:#C5C8C6"
          >
            <span
              class="token plain"
              style="display:inline-block"
            />
          </div>
          <div
            class="token-line"
            style="color:#C5C8C6"
          >
            <span
              class="token plain"
            />
            <span
              class="token keyword"
              style="color:hsl(350, 40%, 70%)"
            >
              const
            </span>
            <span
              class="token plain"
            >
               
            </span>
            <span
              class="token function-variable function"
            >
              HelloWorld
            </span>
            <span
              class="token plain"
            >
               
            </span>
            <span
              class="token operator"
              style="color:hsl(40, 90%, 60%)"
            >
              =
            </span>
            <span
              class="token plain"
            >
               
            </span>
            <span
              class="token punctuation"
              style="opacity:0.7"
            >
              (
            </span>
            <span
              class="token parameter punctuation"
              style="opacity:0.7"
            >
              {
            </span>
            <span
              class="token parameter"
            >
               name 
            </span>
            <span
              class="token parameter punctuation"
              style="opacity:0.7"
            >
              }
            </span>
            <span
              class="token punctuation"
              style="opacity:0.7"
            >
              )
            </span>
            <span
              class="token plain"
            >
               
            </span>
            <span
              class="token operator"
              style="color:hsl(40, 90%, 60%)"
            >
              =&gt;
            </span>
            <span
              class="token plain"
            >
               
            </span>
            <span
              class="token punctuation"
              style="opacity:0.7"
            >
              (
            </span>
            <span
              class="token plain"
            />
          </div>
          <div
            class="token-line"
            style="color:#C5C8C6"
          >
            <span
              class="token plain"
            >
                
            </span>
            <span
              class="token tag punctuation"
              style="color:hsl(350, 40%, 70%);opacity:0.7"
            >
              &lt;
            </span>
            <span
              class="token tag"
              style="color:hsl(350, 40%, 70%)"
            >
              div
            </span>
            <span
              class="token tag punctuation"
              style="color:hsl(350, 40%, 70%);opacity:0.7"
            >
              &gt;
            </span>
            <span
              class="token plain"
            />
          </div>
          <div
            class="token-line"
            style="color:#C5C8C6"
          >
            <span
              class="token plain"
            >
                  
            </span>
            <span
              class="token tag punctuation"
              style="color:hsl(350, 40%, 70%);opacity:0.7"
            >
              &lt;
            </span>
            <span
              class="token tag"
              style="color:hsl(350, 40%, 70%)"
            >
              h1
            </span>
            <span
              class="token tag"
              style="color:hsl(350, 40%, 70%)"
            >
               
            </span>
            <span
              class="token tag attr-name"
              style="color:hsl(75, 70%, 60%)"
            >
              style
            </span>
            <span
              class="token tag script language-javascript script-punctuation punctuation"
              style="color:hsl(350, 40%, 70%);opacity:0.7"
            >
              =
            </span>
            <span
              class="token tag script language-javascript punctuation"
              style="color:hsl(350, 40%, 70%);opacity:0.7"
            >
              {
            </span>
            <span
              class="token tag script language-javascript"
              style="color:hsl(350, 40%, 70%)"
            >
              styles
            </span>
            <span
              class="token tag script language-javascript punctuation"
              style="color:hsl(350, 40%, 70%);opacity:0.7"
            >
              .
            </span>
            <span
              class="token tag script language-javascript"
              style="color:hsl(350, 40%, 70%)"
            >
              heading
            </span>
            <span
              class="token tag script language-javascript punctuation"
              style="color:hsl(350, 40%, 70%);opacity:0.7"
            >
              }
            </span>
            <span
              class="token tag punctuation"
              style="color:hsl(350, 40%, 70%);opacity:0.7"
            >
              &gt;
            </span>
            <span
              class="token plain"
            />
          </div>
          <div
            class="token-line"
            style="color:#C5C8C6"
          >
            <span
              class="token plain"
            >
                    Create Live Code Examples 
            </span>
            <span
              class="token keyword"
              style="color:hsl(350, 40%, 70%)"
            >
              in
            </span>
            <span
              class="token plain"
            >
               
            </span>
            <span
              class="token punctuation"
              style="opacity:0.7"
            >
              {
            </span>
            <span
              class="token plain"
            >
              name
            </span>
            <span
              class="token punctuation"
              style="opacity:0.7"
            >
              }
            </span>
            <span
              class="token operator"
              style="color:hsl(40, 90%, 60%)"
            >
              !
            </span>
            <span
              class="token plain"
            />
          </div>
          <div
            class="token-line"
            style="color:#C5C8C6"
          >
            <span
              class="token plain"
            >
                  
            </span>
            <span
              class="token tag punctuation"
              style="color:hsl(350, 40%, 70%);opacity:0.7"
            >
              &lt;/
            </span>
            <span
              class="token tag"
              style="color:hsl(350, 40%, 70%)"
            >
              h1
            </span>
            <span
              class="token tag punctuation"
              style="color:hsl(350, 40%, 70%);opacity:0.7"
            >
              &gt;
            </span>
            <span
              class="token plain"
            />
          </div>
          <div
            class="token-line"
            style="color:#C5C8C6"
          >
            <span
              class="token plain"
            >
                  
            </span>
            <span
              class="token tag punctuation"
              style="color:hsl(350, 40%, 70%);opacity:0.7"
            >
              &lt;
            </span>
            <span
              class="token tag"
              style="color:hsl(350, 40%, 70%)"
            >
              p
            </span>
            <span
              class="token tag"
              style="color:hsl(350, 40%, 70%)"
            >
               
            </span>
            <span
              class="token tag attr-name"
              style="color:hsl(75, 70%, 60%)"
            >
              style
            </span>
            <span
              class="token tag script language-javascript script-punctuation punctuation"
              style="color:hsl(350, 40%, 70%);opacity:0.7"
            >
              =
            </span>
            <span
              class="token tag script language-javascript punctuation"
              style="color:hsl(350, 40%, 70%);opacity:0.7"
            >
              {
            </span>
            <span
              class="token tag script language-javascript"
              style="color:hsl(350, 40%, 70%)"
            >
              styles
            </span>
            <span
              class="token tag script language-javascript punctuation"
              style="color:hsl(350, 40%, 70%);opacity:0.7"
            >
              .
            </span>
            <span
              class="token tag script language-javascript"
              style="color:hsl(350, 40%, 70%)"
            >
              copy
            </span>
            <span
              class="token tag script language-javascript punctuation"
              style="color:hsl(350, 40%, 70%);opacity:0.7"
            >
              }
            </span>
            <span
              class="token tag punctuation"
              style="color:hsl(350, 40%, 70%);opacity:0.7"
            >
              &gt;
            </span>
            <span
              class="token plain"
            />
          </div>
          <div
            class="token-line"
            style="color:#C5C8C6"
          >
            <span
              class="token plain"
            >
                    Supports Light and Dark Syntax Themes
            </span>
          </div>
          <div
            class="token-line"
            style="color:#C5C8C6"
          >
            <span
              class="token plain"
            >
                  
            </span>
            <span
              class="token tag punctuation"
              style="color:hsl(350, 40%, 70%);opacity:0.7"
            >
              &lt;/
            </span>
            <span
              class="token tag"
              style="color:hsl(350, 40%, 70%)"
            >
              p
            </span>
            <span
              class="token tag punctuation"
              style="color:hsl(350, 40%, 70%);opacity:0.7"
            >
              &gt;
            </span>
            <span
              class="token plain"
            />
          </div>
          <div
            class="token-line"
            style="color:#C5C8C6"
          >
            <span
              class="token plain"
            >
                
            </span>
            <span
              class="token tag punctuation"
              style="color:hsl(350, 40%, 70%);opacity:0.7"
            >
              &lt;/
            </span>
            <span
              class="token tag"
              style="color:hsl(350, 40%, 70%)"
            >
              div
            </span>
            <span
              class="token tag punctuation"
              style="color:hsl(350, 40%, 70%);opacity:0.7"
            >
              &gt;
            </span>
            <span
              class="token plain"
            />
          </div>
          <div
            class="token-line"
            style="color:#C5C8C6"
          >
            <span
              class="token plain"
            />
            <span
              class="token punctuation"
              style="opacity:0.7"
            >
              )
            </span>
            <span
              class="token plain"
            />
          </div>
          <div
            class="token-line"
            style="color:#C5C8C6"
          >
            <span
              class="token plain"
              style="display:inline-block"
            />
          </div>
          <div
            class="token-line"
            style="color:#C5C8C6"
          >
            <span
              class="token plain"
            />
            <span
              class="token function"
            >
              render
            </span>
            <span
              class="token punctuation"
              style="opacity:0.7"
            >
              (
            </span>
            <span
              class="token tag punctuation"
              style="color:hsl(350, 40%, 70%);opacity:0.7"
            >
              &lt;
            </span>
            <span
              class="token tag class-name"
              style="color:hsl(350, 40%, 70%)"
            >
              HelloWorld
            </span>
            <span
              class="token tag"
              style="color:hsl(350, 40%, 70%)"
            >
               
            </span>
            <span
              class="token tag attr-name"
              style="color:hsl(75, 70%, 60%)"
            >
              name
            </span>
            <span
              class="token tag attr-value punctuation"
              style="color:hsl(350, 40%, 70%);opacity:0.7"
            >
              =
            </span>
            <span
              class="token tag attr-value punctuation"
              style="color:hsl(350, 40%, 70%);opacity:0.7"
            >
              "
            </span>
            <span
              class="token tag attr-value"
              style="color:hsl(350, 40%, 70%)"
            >
              Spectacle
            </span>
            <span
              class="token tag attr-value punctuation"
              style="color:hsl(350, 40%, 70%);opacity:0.7"
            >
              "
            </span>
            <span
              class="token tag"
              style="color:hsl(350, 40%, 70%)"
            >
               
            </span>
            <span
              class="token tag punctuation"
              style="color:hsl(350, 40%, 70%);opacity:0.7"
            >
              /&gt;
            </span>
            <span
              class="token punctuation"
              style="opacity:0.7"
            >
              )
            </span>
          </div>
        </pre>
      </div>
    </div>
  </div>,
]
`;

exports[`<ComponentPlayground /> Should render the light theme correctly 1`] = `
Array [
  <div
    class="css-1ms9r5c e177gi4f3"
  >
    <div
      class="css-1xrujsz e177gi4f4"
    >
      Live Preview
    </div>
    <div
      class="css-1xrujsz e177gi4f4"
    >
      Source Code
      <button
        aria-label="Toggle full screen"
        class="css-1a7vuu6 ev51h780"
      >
        <svg
          viewBox="0 0 512 512"
        >
          <path
            d="M64 371.2h76.795V448H192V320H64v51.2zm76.795-230.4H64V192h128V64h-51.205v76.8zM320 448h51.2v-76.8H448V320H320v128zm51.2-307.2V64H320v128h128v-51.2h-76.8z"
            fill="currentColor"
          />
        </svg>
      </button>
    </div>
  </div>,
  <div
    class="css-1ms9r5c e177gi4f3"
  >
    <div
      class="css-1fc71w4 e177gi4f5"
    >
      <div
        class="css-zwvp9g e177gi4f1"
      >
        <div>
          <h1
            style="font-size:2.25rem;font-weight:bold"
          >
            Create Live Code Examples in Spectacle!
          </h1>
          <p
            style="font-size:1.5rem"
          >
            Supports Light and Dark Syntax Themes
          </p>
        </div>
      </div>
    </div>
    <div
      class="css-1fc71w4 e177gi4f5"
    >
      <div
        class="language-jsx builtin-prism-theme css-spmpyg e177gi4f2"
        style="position:relative;text-align:left;box-sizing:border-box;padding:0;overflow:hidden;white-space:pre;font-family:monospace"
      >
        <textarea
          autocapitalize="off"
          autocomplete="off"
          autocorrect="off"
          class="npm__react-simple-code-editor__textarea"
          data-gramm="false"
          spellcheck="false"
          style="margin:0;border:0;background:none;box-sizing:inherit;display:inherit;font-family:inherit;font-size:inherit;font-style:inherit;font-variant-ligatures:inherit;font-weight:inherit;letter-spacing:inherit;line-height:inherit;tab-size:inherit;text-indent:inherit;text-rendering:inherit;text-transform:inherit;white-space:pre-wrap;word-break:keep-all;overflow-wrap:break-word;position:absolute;top:0;left:0;height:100%;width:100%;resize:none;color:inherit;overflow:hidden;-moz-osx-font-smoothing:grayscale;-webkit-font-smoothing:antialiased;-webkit-text-fill-color:transparent;padding-top:10px;padding-right:10px;padding-bottom:10px;padding-left:10px"
        >
          /**
 * Sample React Component
 * Output domContainerNode is 'mountNode'
 */

const styles = {
  heading: {
    fontSize: "2.25rem",
    fontWeight: "bold"
  },
  copy: {
    fontSize: "1.5rem"
  }
}

const HelloWorld = ({ name }) =&gt; (
  &lt;div&gt;
    &lt;h1 style={styles.heading}&gt;
      Create Live Code Examples in {name}!
    &lt;/h1&gt;
    &lt;p style={styles.copy}&gt;
      Supports Light and Dark Syntax Themes
    &lt;/p&gt;
  &lt;/div&gt;
)

render(&lt;HelloWorld name="Spectacle" /&gt;)
        </textarea>
        <pre
          aria-hidden="true"
          style="margin:0;border:0;background:none;box-sizing:inherit;display:inherit;font-family:inherit;font-size:inherit;font-style:inherit;font-variant-ligatures:inherit;font-weight:inherit;letter-spacing:inherit;line-height:inherit;tab-size:inherit;text-indent:inherit;text-rendering:inherit;text-transform:inherit;white-space:pre-wrap;word-break:keep-all;overflow-wrap:break-word;position:relative;pointer-events:none;padding-top:10px;padding-right:10px;padding-bottom:10px;padding-left:10px"
        >
          <div
            class="token-line"
            style="color:#C5C8C6"
          >
            <span
              class="token comment"
              style="color:hsl(30, 20%, 50%)"
            >
              /**
            </span>
          </div>
          <div
            class="token-line"
            style="color:#C5C8C6"
          >
            <span
              class="token comment"
              style="color:hsl(30, 20%, 50%)"
            >
               * Sample React Component
            </span>
          </div>
          <div
            class="token-line"
            style="color:#C5C8C6"
          >
            <span
              class="token comment"
              style="color:hsl(30, 20%, 50%)"
            >
               * Output domContainerNode is 'mountNode'
            </span>
          </div>
          <div
            class="token-line"
            style="color:#C5C8C6"
          >
            <span
              class="token comment"
              style="color:hsl(30, 20%, 50%)"
            >
               */
            </span>
            <span
              class="token plain"
            />
          </div>
          <div
            class="token-line"
            style="color:#C5C8C6"
          >
            <span
              class="token plain"
              style="display:inline-block"
            />
          </div>
          <div
            class="token-line"
            style="color:#C5C8C6"
          >
            <span
              class="token plain"
            />
            <span
              class="token keyword"
              style="color:hsl(350, 40%, 70%)"
            >
              const
            </span>
            <span
              class="token plain"
            >
               styles 
            </span>
            <span
              class="token operator"
              style="color:hsl(40, 90%, 60%)"
            >
              =
            </span>
            <span
              class="token plain"
            >
               
            </span>
            <span
              class="token punctuation"
              style="opacity:0.7"
            >
              {
            </span>
            <span
              class="token plain"
            />
          </div>
          <div
            class="token-line"
            style="color:#C5C8C6"
          >
            <span
              class="token plain"
            >
                heading
            </span>
            <span
              class="token punctuation"
              style="opacity:0.7"
            >
              :
            </span>
            <span
              class="token plain"
            >
               
            </span>
            <span
              class="token punctuation"
              style="opacity:0.7"
            >
              {
            </span>
            <span
              class="token plain"
            />
          </div>
          <div
            class="token-line"
            style="color:#C5C8C6"
          >
            <span
              class="token plain"
            >
                  fontSize
            </span>
            <span
              class="token punctuation"
              style="opacity:0.7"
            >
              :
            </span>
            <span
              class="token plain"
            >
               
            </span>
            <span
              class="token string"
              style="color:hsl(40, 90%, 60%)"
            >
              "2.25rem"
            </span>
            <span
              class="token punctuation"
              style="opacity:0.7"
            >
              ,
            </span>
            <span
              class="token plain"
            />
          </div>
          <div
            class="token-line"
            style="color:#C5C8C6"
          >
            <span
              class="token plain"
            >
                  fontWeight
            </span>
            <span
              class="token punctuation"
              style="opacity:0.7"
            >
              :
            </span>
            <span
              class="token plain"
            >
               
            </span>
            <span
              class="token string"
              style="color:hsl(40, 90%, 60%)"
            >
              "bold"
            </span>
            <span
              class="token plain"
            />
          </div>
          <div
            class="token-line"
            style="color:#C5C8C6"
          >
            <span
              class="token plain"
            >
                
            </span>
            <span
              class="token punctuation"
              style="opacity:0.7"
            >
              }
            </span>
            <span
              class="token punctuation"
              style="opacity:0.7"
            >
              ,
            </span>
            <span
              class="token plain"
            />
          </div>
          <div
            class="token-line"
            style="color:#C5C8C6"
          >
            <span
              class="token plain"
            >
                copy
            </span>
            <span
              class="token punctuation"
              style="opacity:0.7"
            >
              :
            </span>
            <span
              class="token plain"
            >
               
            </span>
            <span
              class="token punctuation"
              style="opacity:0.7"
            >
              {
            </span>
            <span
              class="token plain"
            />
          </div>
          <div
            class="token-line"
            style="color:#C5C8C6"
          >
            <span
              class="token plain"
            >
                  fontSize
            </span>
            <span
              class="token punctuation"
              style="opacity:0.7"
            >
              :
            </span>
            <span
              class="token plain"
            >
               
            </span>
            <span
              class="token string"
              style="color:hsl(40, 90%, 60%)"
            >
              "1.5rem"
            </span>
            <span
              class="token plain"
            />
          </div>
          <div
            class="token-line"
            style="color:#C5C8C6"
          >
            <span
              class="token plain"
            >
                
            </span>
            <span
              class="token punctuation"
              style="opacity:0.7"
            >
              }
            </span>
            <span
              class="token plain"
            />
          </div>
          <div
            class="token-line"
            style="color:#C5C8C6"
          >
            <span
              class="token plain"
            />
            <span
              class="token punctuation"
              style="opacity:0.7"
            >
              }
            </span>
            <span
              class="token plain"
            />
          </div>
          <div
            class="token-line"
            style="color:#C5C8C6"
          >
            <span
              class="token plain"
              style="display:inline-block"
            />
          </div>
          <div
            class="token-line"
            style="color:#C5C8C6"
          >
            <span
              class="token plain"
            />
            <span
              class="token keyword"
              style="color:hsl(350, 40%, 70%)"
            >
              const
            </span>
            <span
              class="token plain"
            >
               
            </span>
            <span
              class="token function-variable function"
            >
              HelloWorld
            </span>
            <span
              class="token plain"
            >
               
            </span>
            <span
              class="token operator"
              style="color:hsl(40, 90%, 60%)"
            >
              =
            </span>
            <span
              class="token plain"
            >
               
            </span>
            <span
              class="token punctuation"
              style="opacity:0.7"
            >
              (
            </span>
            <span
              class="token parameter punctuation"
              style="opacity:0.7"
            >
              {
            </span>
            <span
              class="token parameter"
            >
               name 
            </span>
            <span
              class="token parameter punctuation"
              style="opacity:0.7"
            >
              }
            </span>
            <span
              class="token punctuation"
              style="opacity:0.7"
            >
              )
            </span>
            <span
              class="token plain"
            >
               
            </span>
            <span
              class="token operator"
              style="color:hsl(40, 90%, 60%)"
            >
              =&gt;
            </span>
            <span
              class="token plain"
            >
               
            </span>
            <span
              class="token punctuation"
              style="opacity:0.7"
            >
              (
            </span>
            <span
              class="token plain"
            />
          </div>
          <div
            class="token-line"
            style="color:#C5C8C6"
          >
            <span
              class="token plain"
            >
                
            </span>
            <span
              class="token tag punctuation"
              style="color:hsl(350, 40%, 70%);opacity:0.7"
            >
              &lt;
            </span>
            <span
              class="token tag"
              style="color:hsl(350, 40%, 70%)"
            >
              div
            </span>
            <span
              class="token tag punctuation"
              style="color:hsl(350, 40%, 70%);opacity:0.7"
            >
              &gt;
            </span>
            <span
              class="token plain"
            />
          </div>
          <div
            class="token-line"
            style="color:#C5C8C6"
          >
            <span
              class="token plain"
            >
                  
            </span>
            <span
              class="token tag punctuation"
              style="color:hsl(350, 40%, 70%);opacity:0.7"
            >
              &lt;
            </span>
            <span
              class="token tag"
              style="color:hsl(350, 40%, 70%)"
            >
              h1
            </span>
            <span
              class="token tag"
              style="color:hsl(350, 40%, 70%)"
            >
               
            </span>
            <span
              class="token tag attr-name"
              style="color:hsl(75, 70%, 60%)"
            >
              style
            </span>
            <span
              class="token tag script language-javascript script-punctuation punctuation"
              style="color:hsl(350, 40%, 70%);opacity:0.7"
            >
              =
            </span>
            <span
              class="token tag script language-javascript punctuation"
              style="color:hsl(350, 40%, 70%);opacity:0.7"
            >
              {
            </span>
            <span
              class="token tag script language-javascript"
              style="color:hsl(350, 40%, 70%)"
            >
              styles
            </span>
            <span
              class="token tag script language-javascript punctuation"
              style="color:hsl(350, 40%, 70%);opacity:0.7"
            >
              .
            </span>
            <span
              class="token tag script language-javascript"
              style="color:hsl(350, 40%, 70%)"
            >
              heading
            </span>
            <span
              class="token tag script language-javascript punctuation"
              style="color:hsl(350, 40%, 70%);opacity:0.7"
            >
              }
            </span>
            <span
              class="token tag punctuation"
              style="color:hsl(350, 40%, 70%);opacity:0.7"
            >
              &gt;
            </span>
            <span
              class="token plain"
            />
          </div>
          <div
            class="token-line"
            style="color:#C5C8C6"
          >
            <span
              class="token plain"
            >
                    Create Live Code Examples 
            </span>
            <span
              class="token keyword"
              style="color:hsl(350, 40%, 70%)"
            >
              in
            </span>
            <span
              class="token plain"
            >
               
            </span>
            <span
              class="token punctuation"
              style="opacity:0.7"
            >
              {
            </span>
            <span
              class="token plain"
            >
              name
            </span>
            <span
              class="token punctuation"
              style="opacity:0.7"
            >
              }
            </span>
            <span
              class="token operator"
              style="color:hsl(40, 90%, 60%)"
            >
              !
            </span>
            <span
              class="token plain"
            />
          </div>
          <div
            class="token-line"
            style="color:#C5C8C6"
          >
            <span
              class="token plain"
            >
                  
            </span>
            <span
              class="token tag punctuation"
              style="color:hsl(350, 40%, 70%);opacity:0.7"
            >
              &lt;/
            </span>
            <span
              class="token tag"
              style="color:hsl(350, 40%, 70%)"
            >
              h1
            </span>
            <span
              class="token tag punctuation"
              style="color:hsl(350, 40%, 70%);opacity:0.7"
            >
              &gt;
            </span>
            <span
              class="token plain"
            />
          </div>
          <div
            class="token-line"
            style="color:#C5C8C6"
          >
            <span
              class="token plain"
            >
                  
            </span>
            <span
              class="token tag punctuation"
              style="color:hsl(350, 40%, 70%);opacity:0.7"
            >
              &lt;
            </span>
            <span
              class="token tag"
              style="color:hsl(350, 40%, 70%)"
            >
              p
            </span>
            <span
              class="token tag"
              style="color:hsl(350, 40%, 70%)"
            >
               
            </span>
            <span
              class="token tag attr-name"
              style="color:hsl(75, 70%, 60%)"
            >
              style
            </span>
            <span
              class="token tag script language-javascript script-punctuation punctuation"
              style="color:hsl(350, 40%, 70%);opacity:0.7"
            >
              =
            </span>
            <span
              class="token tag script language-javascript punctuation"
              style="color:hsl(350, 40%, 70%);opacity:0.7"
            >
              {
            </span>
            <span
              class="token tag script language-javascript"
              style="color:hsl(350, 40%, 70%)"
            >
              styles
            </span>
            <span
              class="token tag script language-javascript punctuation"
              style="color:hsl(350, 40%, 70%);opacity:0.7"
            >
              .
            </span>
            <span
              class="token tag script language-javascript"
              style="color:hsl(350, 40%, 70%)"
            >
              copy
            </span>
            <span
              class="token tag script language-javascript punctuation"
              style="color:hsl(350, 40%, 70%);opacity:0.7"
            >
              }
            </span>
            <span
              class="token tag punctuation"
              style="color:hsl(350, 40%, 70%);opacity:0.7"
            >
              &gt;
            </span>
            <span
              class="token plain"
            />
          </div>
          <div
            class="token-line"
            style="color:#C5C8C6"
          >
            <span
              class="token plain"
            >
                    Supports Light and Dark Syntax Themes
            </span>
          </div>
          <div
            class="token-line"
            style="color:#C5C8C6"
          >
            <span
              class="token plain"
            >
                  
            </span>
            <span
              class="token tag punctuation"
              style="color:hsl(350, 40%, 70%);opacity:0.7"
            >
              &lt;/
            </span>
            <span
              class="token tag"
              style="color:hsl(350, 40%, 70%)"
            >
              p
            </span>
            <span
              class="token tag punctuation"
              style="color:hsl(350, 40%, 70%);opacity:0.7"
            >
              &gt;
            </span>
            <span
              class="token plain"
            />
          </div>
          <div
            class="token-line"
            style="color:#C5C8C6"
          >
            <span
              class="token plain"
            >
                
            </span>
            <span
              class="token tag punctuation"
              style="color:hsl(350, 40%, 70%);opacity:0.7"
            >
              &lt;/
            </span>
            <span
              class="token tag"
              style="color:hsl(350, 40%, 70%)"
            >
              div
            </span>
            <span
              class="token tag punctuation"
              style="color:hsl(350, 40%, 70%);opacity:0.7"
            >
              &gt;
            </span>
            <span
              class="token plain"
            />
          </div>
          <div
            class="token-line"
            style="color:#C5C8C6"
          >
            <span
              class="token plain"
            />
            <span
              class="token punctuation"
              style="opacity:0.7"
            >
              )
            </span>
            <span
              class="token plain"
            />
          </div>
          <div
            class="token-line"
            style="color:#C5C8C6"
          >
            <span
              class="token plain"
              style="display:inline-block"
            />
          </div>
          <div
            class="token-line"
            style="color:#C5C8C6"
          >
            <span
              class="token plain"
            />
            <span
              class="token function"
            >
              render
            </span>
            <span
              class="token punctuation"
              style="opacity:0.7"
            >
              (
            </span>
            <span
              class="token tag punctuation"
              style="color:hsl(350, 40%, 70%);opacity:0.7"
            >
              &lt;
            </span>
            <span
              class="token tag class-name"
              style="color:hsl(350, 40%, 70%)"
            >
              HelloWorld
            </span>
            <span
              class="token tag"
              style="color:hsl(350, 40%, 70%)"
            >
               
            </span>
            <span
              class="token tag attr-name"
              style="color:hsl(75, 70%, 60%)"
            >
              name
            </span>
            <span
              class="token tag attr-value punctuation"
              style="color:hsl(350, 40%, 70%);opacity:0.7"
            >
              =
            </span>
            <span
              class="token tag attr-value punctuation"
              style="color:hsl(350, 40%, 70%);opacity:0.7"
            >
              "
            </span>
            <span
              class="token tag attr-value"
              style="color:hsl(350, 40%, 70%)"
            >
              Spectacle
            </span>
            <span
              class="token tag attr-value punctuation"
              style="color:hsl(350, 40%, 70%);opacity:0.7"
            >
              "
            </span>
            <span
              class="token tag"
              style="color:hsl(350, 40%, 70%)"
            >
               
            </span>
            <span
              class="token tag punctuation"
              style="color:hsl(350, 40%, 70%);opacity:0.7"
            >
              /&gt;
            </span>
            <span
              class="token punctuation"
              style="opacity:0.7"
            >
              )
            </span>
          </div>
        </pre>
      </div>
    </div>
  </div>,
]
`;

exports[`<ComponentPlayground /> Should render with a custom background color 1`] = `
Array [
  <div
    class="css-1ms9r5c e177gi4f3"
  >
    <div
      class="css-1xrujsz e177gi4f4"
    >
      Live Preview
    </div>
    <div
      class="css-1xrujsz e177gi4f4"
    >
      Source Code
      <button
        aria-label="Toggle full screen"
        class="css-1a7vuu6 ev51h780"
      >
        <svg
          viewBox="0 0 512 512"
        >
          <path
            d="M64 371.2h76.795V448H192V320H64v51.2zm76.795-230.4H64V192h128V64h-51.205v76.8zM320 448h51.2v-76.8H448V320H320v128zm51.2-307.2V64H320v128h128v-51.2h-76.8z"
            fill="currentColor"
          />
        </svg>
      </button>
    </div>
  </div>,
  <div
    class="css-1ms9r5c e177gi4f3"
  >
    <div
      class="css-1fc71w4 e177gi4f5"
    >
      <div
        class="css-cv4xj2 e177gi4f1"
      >
        <div>
          <h1
            style="font-size:2.25rem;font-weight:bold"
          >
            Create Live Code Examples in Spectacle!
          </h1>
          <p
            style="font-size:1.5rem"
          >
            Supports Light and Dark Syntax Themes
          </p>
        </div>
      </div>
    </div>
    <div
      class="css-1fc71w4 e177gi4f5"
    >
      <div
        class="language-jsx builtin-prism-theme css-spmpyg e177gi4f2"
        style="position:relative;text-align:left;box-sizing:border-box;padding:0;overflow:hidden;white-space:pre;font-family:monospace"
      >
        <textarea
          autocapitalize="off"
          autocomplete="off"
          autocorrect="off"
          class="npm__react-simple-code-editor__textarea"
          data-gramm="false"
          spellcheck="false"
          style="margin:0;border:0;background:none;box-sizing:inherit;display:inherit;font-family:inherit;font-size:inherit;font-style:inherit;font-variant-ligatures:inherit;font-weight:inherit;letter-spacing:inherit;line-height:inherit;tab-size:inherit;text-indent:inherit;text-rendering:inherit;text-transform:inherit;white-space:pre-wrap;word-break:keep-all;overflow-wrap:break-word;position:absolute;top:0;left:0;height:100%;width:100%;resize:none;color:inherit;overflow:hidden;-moz-osx-font-smoothing:grayscale;-webkit-font-smoothing:antialiased;-webkit-text-fill-color:transparent;padding-top:10px;padding-right:10px;padding-bottom:10px;padding-left:10px"
        >
          /**
 * Sample React Component
 * Output domContainerNode is 'mountNode'
 */

const styles = {
  heading: {
    fontSize: "2.25rem",
    fontWeight: "bold"
  },
  copy: {
    fontSize: "1.5rem"
  }
}

const HelloWorld = ({ name }) =&gt; (
  &lt;div&gt;
    &lt;h1 style={styles.heading}&gt;
      Create Live Code Examples in {name}!
    &lt;/h1&gt;
    &lt;p style={styles.copy}&gt;
      Supports Light and Dark Syntax Themes
    &lt;/p&gt;
  &lt;/div&gt;
)

render(&lt;HelloWorld name="Spectacle" /&gt;)
        </textarea>
        <pre
          aria-hidden="true"
          style="margin:0;border:0;background:none;box-sizing:inherit;display:inherit;font-family:inherit;font-size:inherit;font-style:inherit;font-variant-ligatures:inherit;font-weight:inherit;letter-spacing:inherit;line-height:inherit;tab-size:inherit;text-indent:inherit;text-rendering:inherit;text-transform:inherit;white-space:pre-wrap;word-break:keep-all;overflow-wrap:break-word;position:relative;pointer-events:none;padding-top:10px;padding-right:10px;padding-bottom:10px;padding-left:10px"
        >
          <div
            class="token-line"
            style="color:#C5C8C6"
          >
            <span
              class="token comment"
              style="color:hsl(30, 20%, 50%)"
            >
              /**
            </span>
          </div>
          <div
            class="token-line"
            style="color:#C5C8C6"
          >
            <span
              class="token comment"
              style="color:hsl(30, 20%, 50%)"
            >
               * Sample React Component
            </span>
          </div>
          <div
            class="token-line"
            style="color:#C5C8C6"
          >
            <span
              class="token comment"
              style="color:hsl(30, 20%, 50%)"
            >
               * Output domContainerNode is 'mountNode'
            </span>
          </div>
          <div
            class="token-line"
            style="color:#C5C8C6"
          >
            <span
              class="token comment"
              style="color:hsl(30, 20%, 50%)"
            >
               */
            </span>
            <span
              class="token plain"
            />
          </div>
          <div
            class="token-line"
            style="color:#C5C8C6"
          >
            <span
              class="token plain"
              style="display:inline-block"
            />
          </div>
          <div
            class="token-line"
            style="color:#C5C8C6"
          >
            <span
              class="token plain"
            />
            <span
              class="token keyword"
              style="color:hsl(350, 40%, 70%)"
            >
              const
            </span>
            <span
              class="token plain"
            >
               styles 
            </span>
            <span
              class="token operator"
              style="color:hsl(40, 90%, 60%)"
            >
              =
            </span>
            <span
              class="token plain"
            >
               
            </span>
            <span
              class="token punctuation"
              style="opacity:0.7"
            >
              {
            </span>
            <span
              class="token plain"
            />
          </div>
          <div
            class="token-line"
            style="color:#C5C8C6"
          >
            <span
              class="token plain"
            >
                heading
            </span>
            <span
              class="token punctuation"
              style="opacity:0.7"
            >
              :
            </span>
            <span
              class="token plain"
            >
               
            </span>
            <span
              class="token punctuation"
              style="opacity:0.7"
            >
              {
            </span>
            <span
              class="token plain"
            />
          </div>
          <div
            class="token-line"
            style="color:#C5C8C6"
          >
            <span
              class="token plain"
            >
                  fontSize
            </span>
            <span
              class="token punctuation"
              style="opacity:0.7"
            >
              :
            </span>
            <span
              class="token plain"
            >
               
            </span>
            <span
              class="token string"
              style="color:hsl(40, 90%, 60%)"
            >
              "2.25rem"
            </span>
            <span
              class="token punctuation"
              style="opacity:0.7"
            >
              ,
            </span>
            <span
              class="token plain"
            />
          </div>
          <div
            class="token-line"
            style="color:#C5C8C6"
          >
            <span
              class="token plain"
            >
                  fontWeight
            </span>
            <span
              class="token punctuation"
              style="opacity:0.7"
            >
              :
            </span>
            <span
              class="token plain"
            >
               
            </span>
            <span
              class="token string"
              style="color:hsl(40, 90%, 60%)"
            >
              "bold"
            </span>
            <span
              class="token plain"
            />
          </div>
          <div
            class="token-line"
            style="color:#C5C8C6"
          >
            <span
              class="token plain"
            >
                
            </span>
            <span
              class="token punctuation"
              style="opacity:0.7"
            >
              }
            </span>
            <span
              class="token punctuation"
              style="opacity:0.7"
            >
              ,
            </span>
            <span
              class="token plain"
            />
          </div>
          <div
            class="token-line"
            style="color:#C5C8C6"
          >
            <span
              class="token plain"
            >
                copy
            </span>
            <span
              class="token punctuation"
              style="opacity:0.7"
            >
              :
            </span>
            <span
              class="token plain"
            >
               
            </span>
            <span
              class="token punctuation"
              style="opacity:0.7"
            >
              {
            </span>
            <span
              class="token plain"
            />
          </div>
          <div
            class="token-line"
            style="color:#C5C8C6"
          >
            <span
              class="token plain"
            >
                  fontSize
            </span>
            <span
              class="token punctuation"
              style="opacity:0.7"
            >
              :
            </span>
            <span
              class="token plain"
            >
               
            </span>
            <span
              class="token string"
              style="color:hsl(40, 90%, 60%)"
            >
              "1.5rem"
            </span>
            <span
              class="token plain"
            />
          </div>
          <div
            class="token-line"
            style="color:#C5C8C6"
          >
            <span
              class="token plain"
            >
                
            </span>
            <span
              class="token punctuation"
              style="opacity:0.7"
            >
              }
            </span>
            <span
              class="token plain"
            />
          </div>
          <div
            class="token-line"
            style="color:#C5C8C6"
          >
            <span
              class="token plain"
            />
            <span
              class="token punctuation"
              style="opacity:0.7"
            >
              }
            </span>
            <span
              class="token plain"
            />
          </div>
          <div
            class="token-line"
            style="color:#C5C8C6"
          >
            <span
              class="token plain"
              style="display:inline-block"
            />
          </div>
          <div
            class="token-line"
            style="color:#C5C8C6"
          >
            <span
              class="token plain"
            />
            <span
              class="token keyword"
              style="color:hsl(350, 40%, 70%)"
            >
              const
            </span>
            <span
              class="token plain"
            >
               
            </span>
            <span
              class="token function-variable function"
            >
              HelloWorld
            </span>
            <span
              class="token plain"
            >
               
            </span>
            <span
              class="token operator"
              style="color:hsl(40, 90%, 60%)"
            >
              =
            </span>
            <span
              class="token plain"
            >
               
            </span>
            <span
              class="token punctuation"
              style="opacity:0.7"
            >
              (
            </span>
            <span
              class="token parameter punctuation"
              style="opacity:0.7"
            >
              {
            </span>
            <span
              class="token parameter"
            >
               name 
            </span>
            <span
              class="token parameter punctuation"
              style="opacity:0.7"
            >
              }
            </span>
            <span
              class="token punctuation"
              style="opacity:0.7"
            >
              )
            </span>
            <span
              class="token plain"
            >
               
            </span>
            <span
              class="token operator"
              style="color:hsl(40, 90%, 60%)"
            >
              =&gt;
            </span>
            <span
              class="token plain"
            >
               
            </span>
            <span
              class="token punctuation"
              style="opacity:0.7"
            >
              (
            </span>
            <span
              class="token plain"
            />
          </div>
          <div
            class="token-line"
            style="color:#C5C8C6"
          >
            <span
              class="token plain"
            >
                
            </span>
            <span
              class="token tag punctuation"
              style="color:hsl(350, 40%, 70%);opacity:0.7"
            >
              &lt;
            </span>
            <span
              class="token tag"
              style="color:hsl(350, 40%, 70%)"
            >
              div
            </span>
            <span
              class="token tag punctuation"
              style="color:hsl(350, 40%, 70%);opacity:0.7"
            >
              &gt;
            </span>
            <span
              class="token plain"
            />
          </div>
          <div
            class="token-line"
            style="color:#C5C8C6"
          >
            <span
              class="token plain"
            >
                  
            </span>
            <span
              class="token tag punctuation"
              style="color:hsl(350, 40%, 70%);opacity:0.7"
            >
              &lt;
            </span>
            <span
              class="token tag"
              style="color:hsl(350, 40%, 70%)"
            >
              h1
            </span>
            <span
              class="token tag"
              style="color:hsl(350, 40%, 70%)"
            >
               
            </span>
            <span
              class="token tag attr-name"
              style="color:hsl(75, 70%, 60%)"
            >
              style
            </span>
            <span
              class="token tag script language-javascript script-punctuation punctuation"
              style="color:hsl(350, 40%, 70%);opacity:0.7"
            >
              =
            </span>
            <span
              class="token tag script language-javascript punctuation"
              style="color:hsl(350, 40%, 70%);opacity:0.7"
            >
              {
            </span>
            <span
              class="token tag script language-javascript"
              style="color:hsl(350, 40%, 70%)"
            >
              styles
            </span>
            <span
              class="token tag script language-javascript punctuation"
              style="color:hsl(350, 40%, 70%);opacity:0.7"
            >
              .
            </span>
            <span
              class="token tag script language-javascript"
              style="color:hsl(350, 40%, 70%)"
            >
              heading
            </span>
            <span
              class="token tag script language-javascript punctuation"
              style="color:hsl(350, 40%, 70%);opacity:0.7"
            >
              }
            </span>
            <span
              class="token tag punctuation"
              style="color:hsl(350, 40%, 70%);opacity:0.7"
            >
              &gt;
            </span>
            <span
              class="token plain"
            />
          </div>
          <div
            class="token-line"
            style="color:#C5C8C6"
          >
            <span
              class="token plain"
            >
                    Create Live Code Examples 
            </span>
            <span
              class="token keyword"
              style="color:hsl(350, 40%, 70%)"
            >
              in
            </span>
            <span
              class="token plain"
            >
               
            </span>
            <span
              class="token punctuation"
              style="opacity:0.7"
            >
              {
            </span>
            <span
              class="token plain"
            >
              name
            </span>
            <span
              class="token punctuation"
              style="opacity:0.7"
            >
              }
            </span>
            <span
              class="token operator"
              style="color:hsl(40, 90%, 60%)"
            >
              !
            </span>
            <span
              class="token plain"
            />
          </div>
          <div
            class="token-line"
            style="color:#C5C8C6"
          >
            <span
              class="token plain"
            >
                  
            </span>
            <span
              class="token tag punctuation"
              style="color:hsl(350, 40%, 70%);opacity:0.7"
            >
              &lt;/
            </span>
            <span
              class="token tag"
              style="color:hsl(350, 40%, 70%)"
            >
              h1
            </span>
            <span
              class="token tag punctuation"
              style="color:hsl(350, 40%, 70%);opacity:0.7"
            >
              &gt;
            </span>
            <span
              class="token plain"
            />
          </div>
          <div
            class="token-line"
            style="color:#C5C8C6"
          >
            <span
              class="token plain"
            >
                  
            </span>
            <span
              class="token tag punctuation"
              style="color:hsl(350, 40%, 70%);opacity:0.7"
            >
              &lt;
            </span>
            <span
              class="token tag"
              style="color:hsl(350, 40%, 70%)"
            >
              p
            </span>
            <span
              class="token tag"
              style="color:hsl(350, 40%, 70%)"
            >
               
            </span>
            <span
              class="token tag attr-name"
              style="color:hsl(75, 70%, 60%)"
            >
              style
            </span>
            <span
              class="token tag script language-javascript script-punctuation punctuation"
              style="color:hsl(350, 40%, 70%);opacity:0.7"
            >
              =
            </span>
            <span
              class="token tag script language-javascript punctuation"
              style="color:hsl(350, 40%, 70%);opacity:0.7"
            >
              {
            </span>
            <span
              class="token tag script language-javascript"
              style="color:hsl(350, 40%, 70%)"
            >
              styles
            </span>
            <span
              class="token tag script language-javascript punctuation"
              style="color:hsl(350, 40%, 70%);opacity:0.7"
            >
              .
            </span>
            <span
              class="token tag script language-javascript"
              style="color:hsl(350, 40%, 70%)"
            >
              copy
            </span>
            <span
              class="token tag script language-javascript punctuation"
              style="color:hsl(350, 40%, 70%);opacity:0.7"
            >
              }
            </span>
            <span
              class="token tag punctuation"
              style="color:hsl(350, 40%, 70%);opacity:0.7"
            >
              &gt;
            </span>
            <span
              class="token plain"
            />
          </div>
          <div
            class="token-line"
            style="color:#C5C8C6"
          >
            <span
              class="token plain"
            >
                    Supports Light and Dark Syntax Themes
            </span>
          </div>
          <div
            class="token-line"
            style="color:#C5C8C6"
          >
            <span
              class="token plain"
            >
                  
            </span>
            <span
              class="token tag punctuation"
              style="color:hsl(350, 40%, 70%);opacity:0.7"
            >
              &lt;/
            </span>
            <span
              class="token tag"
              style="color:hsl(350, 40%, 70%)"
            >
              p
            </span>
            <span
              class="token tag punctuation"
              style="color:hsl(350, 40%, 70%);opacity:0.7"
            >
              &gt;
            </span>
            <span
              class="token plain"
            />
          </div>
          <div
            class="token-line"
            style="color:#C5C8C6"
          >
            <span
              class="token plain"
            >
                
            </span>
            <span
              class="token tag punctuation"
              style="color:hsl(350, 40%, 70%);opacity:0.7"
            >
              &lt;/
            </span>
            <span
              class="token tag"
              style="color:hsl(350, 40%, 70%)"
            >
              div
            </span>
            <span
              class="token tag punctuation"
              style="color:hsl(350, 40%, 70%);opacity:0.7"
            >
              &gt;
            </span>
            <span
              class="token plain"
            />
          </div>
          <div
            class="token-line"
            style="color:#C5C8C6"
          >
            <span
              class="token plain"
            />
            <span
              class="token punctuation"
              style="opacity:0.7"
            >
              )
            </span>
            <span
              class="token plain"
            />
          </div>
          <div
            class="token-line"
            style="color:#C5C8C6"
          >
            <span
              class="token plain"
              style="display:inline-block"
            />
          </div>
          <div
            class="token-line"
            style="color:#C5C8C6"
          >
            <span
              class="token plain"
            />
            <span
              class="token function"
            >
              render
            </span>
            <span
              class="token punctuation"
              style="opacity:0.7"
            >
              (
            </span>
            <span
              class="token tag punctuation"
              style="color:hsl(350, 40%, 70%);opacity:0.7"
            >
              &lt;
            </span>
            <span
              class="token tag class-name"
              style="color:hsl(350, 40%, 70%)"
            >
              HelloWorld
            </span>
            <span
              class="token tag"
              style="color:hsl(350, 40%, 70%)"
            >
               
            </span>
            <span
              class="token tag attr-name"
              style="color:hsl(75, 70%, 60%)"
            >
              name
            </span>
            <span
              class="token tag attr-value punctuation"
              style="color:hsl(350, 40%, 70%);opacity:0.7"
            >
              =
            </span>
            <span
              class="token tag attr-value punctuation"
              style="color:hsl(350, 40%, 70%);opacity:0.7"
            >
              "
            </span>
            <span
              class="token tag attr-value"
              style="color:hsl(350, 40%, 70%)"
            >
              Spectacle
            </span>
            <span
              class="token tag attr-value punctuation"
              style="color:hsl(350, 40%, 70%);opacity:0.7"
            >
              "
            </span>
            <span
              class="token tag"
              style="color:hsl(350, 40%, 70%)"
            >
               
            </span>
            <span
              class="token tag punctuation"
              style="color:hsl(350, 40%, 70%);opacity:0.7"
            >
              /&gt;
            </span>
            <span
              class="token punctuation"
              style="opacity:0.7"
            >
              )
            </span>
          </div>
        </pre>
      </div>
    </div>
  </div>,
]
`;

exports[`<ComponentPlayground /> Should render with a custom code block 1`] = `
Array [
  <div
    class="css-1ms9r5c e177gi4f3"
  >
    <div
      class="css-1xrujsz e177gi4f4"
    >
      Live Preview
    </div>
    <div
      class="css-1xrujsz e177gi4f4"
    >
      Source Code
      <button
        aria-label="Toggle full screen"
        class="css-1a7vuu6 ev51h780"
      >
        <svg
          viewBox="0 0 512 512"
        >
          <path
            d="M64 371.2h76.795V448H192V320H64v51.2zm76.795-230.4H64V192h128V64h-51.205v76.8zM320 448h51.2v-76.8H448V320H320v128zm51.2-307.2V64H320v128h128v-51.2h-76.8z"
            fill="currentColor"
          />
        </svg>
      </button>
    </div>
  </div>,
  <div
    class="css-1ms9r5c e177gi4f3"
  >
    <div
      class="css-1fc71w4 e177gi4f5"
    >
      <div
        class="css-cv4xj2 e177gi4f1"
      />
      <pre
        class="css-1qmf1kp e177gi4f6"
      >
        ReferenceError: mountNode is not defined
      </pre>
    </div>
    <div
      class="css-1fc71w4 e177gi4f5"
    >
      <div
        class="language-jsx builtin-prism-theme css-spmpyg e177gi4f2"
        style="position:relative;text-align:left;box-sizing:border-box;padding:0;overflow:hidden;white-space:pre;font-family:monospace"
      >
        <textarea
          autocapitalize="off"
          autocomplete="off"
          autocorrect="off"
          class="npm__react-simple-code-editor__textarea"
          data-gramm="false"
          spellcheck="false"
          style="margin:0;border:0;background:none;box-sizing:inherit;display:inherit;font-family:inherit;font-size:inherit;font-style:inherit;font-variant-ligatures:inherit;font-weight:inherit;letter-spacing:inherit;line-height:inherit;tab-size:inherit;text-indent:inherit;text-rendering:inherit;text-transform:inherit;white-space:pre-wrap;word-break:keep-all;overflow-wrap:break-word;position:absolute;top:0;left:0;height:100%;width:100%;resize:none;color:inherit;overflow:hidden;-moz-osx-font-smoothing:grayscale;-webkit-font-smoothing:antialiased;-webkit-text-fill-color:transparent;padding-top:10px;padding-right:10px;padding-bottom:10px;padding-left:10px"
        >
          const Button = ({ title }) =&gt; (&lt;button type="button"&gt;{ title }&lt;/button&gt;);
      render(&lt;Button title="My Button" /&gt;, mountNode);
        </textarea>
        <pre
          aria-hidden="true"
          style="margin:0;border:0;background:none;box-sizing:inherit;display:inherit;font-family:inherit;font-size:inherit;font-style:inherit;font-variant-ligatures:inherit;font-weight:inherit;letter-spacing:inherit;line-height:inherit;tab-size:inherit;text-indent:inherit;text-rendering:inherit;text-transform:inherit;white-space:pre-wrap;word-break:keep-all;overflow-wrap:break-word;position:relative;pointer-events:none;padding-top:10px;padding-right:10px;padding-bottom:10px;padding-left:10px"
        >
          <div
            class="token-line"
            style="color:#C5C8C6"
          >
            <span
              class="token keyword"
              style="color:hsl(350, 40%, 70%)"
            >
              const
            </span>
            <span
              class="token plain"
            >
               
            </span>
            <span
              class="token function-variable function"
            >
              Button
            </span>
            <span
              class="token plain"
            >
               
            </span>
            <span
              class="token operator"
              style="color:hsl(40, 90%, 60%)"
            >
              =
            </span>
            <span
              class="token plain"
            >
               
            </span>
            <span
              class="token punctuation"
              style="opacity:0.7"
            >
              (
            </span>
            <span
              class="token parameter punctuation"
              style="opacity:0.7"
            >
              {
            </span>
            <span
              class="token parameter"
            >
               title 
            </span>
            <span
              class="token parameter punctuation"
              style="opacity:0.7"
            >
              }
            </span>
            <span
              class="token punctuation"
              style="opacity:0.7"
            >
              )
            </span>
            <span
              class="token plain"
            >
               
            </span>
            <span
              class="token operator"
              style="color:hsl(40, 90%, 60%)"
            >
              =&gt;
            </span>
            <span
              class="token plain"
            >
               
            </span>
            <span
              class="token punctuation"
              style="opacity:0.7"
            >
              (
            </span>
            <span
              class="token tag punctuation"
              style="color:hsl(350, 40%, 70%);opacity:0.7"
            >
              &lt;
            </span>
            <span
              class="token tag"
              style="color:hsl(350, 40%, 70%)"
            >
              button
            </span>
            <span
              class="token tag"
              style="color:hsl(350, 40%, 70%)"
            >
               
            </span>
            <span
              class="token tag attr-name"
              style="color:hsl(75, 70%, 60%)"
            >
              type
            </span>
            <span
              class="token tag attr-value punctuation"
              style="color:hsl(350, 40%, 70%);opacity:0.7"
            >
              =
            </span>
            <span
              class="token tag attr-value punctuation"
              style="color:hsl(350, 40%, 70%);opacity:0.7"
            >
              "
            </span>
            <span
              class="token tag attr-value"
              style="color:hsl(350, 40%, 70%)"
            >
              button
            </span>
            <span
              class="token tag attr-value punctuation"
              style="color:hsl(350, 40%, 70%);opacity:0.7"
            >
              "
            </span>
            <span
              class="token tag punctuation"
              style="color:hsl(350, 40%, 70%);opacity:0.7"
            >
              &gt;
            </span>
            <span
              class="token punctuation"
              style="opacity:0.7"
            >
              {
            </span>
            <span
              class="token plain"
            >
               title 
            </span>
            <span
              class="token punctuation"
              style="opacity:0.7"
            >
              }
            </span>
            <span
              class="token tag punctuation"
              style="color:hsl(350, 40%, 70%);opacity:0.7"
            >
              &lt;/
            </span>
            <span
              class="token tag"
              style="color:hsl(350, 40%, 70%)"
            >
              button
            </span>
            <span
              class="token tag punctuation"
              style="color:hsl(350, 40%, 70%);opacity:0.7"
            >
              &gt;
            </span>
            <span
              class="token punctuation"
              style="opacity:0.7"
            >
              )
            </span>
            <span
              class="token punctuation"
              style="opacity:0.7"
            >
              ;
            </span>
            <span
              class="token plain"
            />
          </div>
          <div
            class="token-line"
            style="color:#C5C8C6"
          >
            <span
              class="token plain"
            >
                    
            </span>
            <span
              class="token function"
            >
              render
            </span>
            <span
              class="token punctuation"
              style="opacity:0.7"
            >
              (
            </span>
            <span
              class="token tag punctuation"
              style="color:hsl(350, 40%, 70%);opacity:0.7"
            >
              &lt;
            </span>
            <span
              class="token tag class-name"
              style="color:hsl(350, 40%, 70%)"
            >
              Button
            </span>
            <span
              class="token tag"
              style="color:hsl(350, 40%, 70%)"
            >
               
            </span>
            <span
              class="token tag attr-name"
              style="color:hsl(75, 70%, 60%)"
            >
              title
            </span>
            <span
              class="token tag attr-value punctuation"
              style="color:hsl(350, 40%, 70%);opacity:0.7"
            >
              =
            </span>
            <span
              class="token tag attr-value punctuation"
              style="color:hsl(350, 40%, 70%);opacity:0.7"
            >
              "
            </span>
            <span
              class="token tag attr-value"
              style="color:hsl(350, 40%, 70%)"
            >
              My Button
            </span>
            <span
              class="token tag attr-value punctuation"
              style="color:hsl(350, 40%, 70%);opacity:0.7"
            >
              "
            </span>
            <span
              class="token tag"
              style="color:hsl(350, 40%, 70%)"
            >
               
            </span>
            <span
              class="token tag punctuation"
              style="color:hsl(350, 40%, 70%);opacity:0.7"
            >
              /&gt;
            </span>
            <span
              class="token punctuation"
              style="opacity:0.7"
            >
              ,
            </span>
            <span
              class="token plain"
            >
               mountNode
            </span>
            <span
              class="token punctuation"
              style="opacity:0.7"
            >
              )
            </span>
            <span
              class="token punctuation"
              style="opacity:0.7"
            >
              ;
            </span>
          </div>
        </pre>
      </div>
    </div>
  </div>,
]
`;
