// Jest Snapshot v1, https://goo.gl/fbAQLP

exports[`<ComponentPlayground /> Should render the dark theme correctly 1`] = `
<div
  class="react-live css-o32omv"
  scope="[object Object]"
>
  <div
    class="css-wx5pb5"
  >
    <div
      class="css-1j4k5g3"
    >
      Live Preview
    </div>
    <div
      class="css-1qi44w1"
    >
      Source Code
      <button
        aria-label="Toggle full screen"
        class="css-1a7vuu6"
      >
        <svg
          viewBox="0 0 24 24"
        >
          <path
            d="M0 0h24v24H0z"
            fill="none"
          />
          <path
            d="M7 14H5v5h5v-2H7v-3zm-2-4h2V7h3V5H5v5zm12 7h-3v2h5v-5h-2v3zM14 5v2h3v3h2V5h-5z"
            fill="currentColor"
          />
        </svg>
      </button>
    </div>
  </div>
  <div
    class="css-wx5pb5"
  >
    <div
      class="css-1fc71w4"
    >
      <div
        class="react-live-preview css-zwvp9g"
      >
        <div>
          <h1
            style="font-size:2.25rem;font-weight:bold"
          >
            Create Live Code Examples in Spectacle!
          </h1>
          <p
            style="font-size:1.5rem"
          >
            Supports Light and Dark Syntax Themes
          </p>
        </div>
      </div>
    </div>
    <div
      class="css-1fc71w4"
    >
      <pre
        class="prism-code language-jsx builtin-prism-theme css-1tqequ7"
        contenteditable="true"
        spellcheck="false"
      >
        <span
          class="token comment"
          spellcheck="true"
        >
          /**
 * Sample React Component
 * Output domContainerNode is 'mountNode'
 */
        </span>
        


        <span
          class="token keyword"
        >
          const
        </span>
         styles 
        <span
          class="token operator"
        >
          =
        </span>
         
        <span
          class="token punctuation"
        >
          {
        </span>
        
  heading
        <span
          class="token punctuation"
        >
          :
        </span>
         
        <span
          class="token punctuation"
        >
          {
        </span>
        
    fontSize
        <span
          class="token punctuation"
        >
          :
        </span>
         
        <span
          class="token string"
        >
          "2.25rem"
        </span>
        <span
          class="token punctuation"
        >
          ,
        </span>
        
    fontWeight
        <span
          class="token punctuation"
        >
          :
        </span>
         
        <span
          class="token string"
        >
          "bold"
        </span>
        
  
        <span
          class="token punctuation"
        >
          }
        </span>
        <span
          class="token punctuation"
        >
          ,
        </span>
        
  copy
        <span
          class="token punctuation"
        >
          :
        </span>
         
        <span
          class="token punctuation"
        >
          {
        </span>
        
    fontSize
        <span
          class="token punctuation"
        >
          :
        </span>
         
        <span
          class="token string"
        >
          "1.5rem"
        </span>
        
  
        <span
          class="token punctuation"
        >
          }
        </span>
        

        <span
          class="token punctuation"
        >
          }
        </span>
        


        <span
          class="token keyword"
        >
          const
        </span>
         
        <span
          class="token function-variable function"
        >
          HelloWorld
        </span>
         
        <span
          class="token operator"
        >
          =
        </span>
         
        <span
          class="token punctuation"
        >
          (
        </span>
        <span
          class="token punctuation"
        >
          {
        </span>
         name 
        <span
          class="token punctuation"
        >
          }
        </span>
        <span
          class="token punctuation"
        >
          )
        </span>
         
        <span
          class="token operator"
        >
          =&gt;
        </span>
         
        <span
          class="token punctuation"
        >
          (
        </span>
        
  
        <span
          class="token tag"
        >
          <span
            class="token tag"
          >
            <span
              class="token punctuation"
            >
              &lt;
            </span>
            div
          </span>
          <span
            class="token punctuation"
          >
            &gt;
          </span>
        </span>
        
    
        <span
          class="token tag"
        >
          <span
            class="token tag"
          >
            <span
              class="token punctuation"
            >
              &lt;
            </span>
            h1
          </span>
           
          <span
            class="token attr-name"
          >
            style
          </span>
          <span
            class="token script language-javascript"
          >
            <span
              class="token punctuation"
            >
              =
            </span>
            <span
              class="token punctuation"
            >
              {
            </span>
            styles
            <span
              class="token punctuation"
            >
              .
            </span>
            heading
            <span
              class="token punctuation"
            >
              }
            </span>
          </span>
          <span
            class="token punctuation"
          >
            &gt;
          </span>
        </span>
        
      Create Live Code Examples 
        <span
          class="token keyword"
        >
          in
        </span>
         
        <span
          class="token punctuation"
        >
          {
        </span>
        name
        <span
          class="token punctuation"
        >
          }
        </span>
        <span
          class="token operator"
        >
          !
        </span>
        
    
        <span
          class="token tag"
        >
          <span
            class="token tag"
          >
            <span
              class="token punctuation"
            >
              &lt;/
            </span>
            h1
          </span>
          <span
            class="token punctuation"
          >
            &gt;
          </span>
        </span>
        
    
        <span
          class="token tag"
        >
          <span
            class="token tag"
          >
            <span
              class="token punctuation"
            >
              &lt;
            </span>
            p
          </span>
           
          <span
            class="token attr-name"
          >
            style
          </span>
          <span
            class="token script language-javascript"
          >
            <span
              class="token punctuation"
            >
              =
            </span>
            <span
              class="token punctuation"
            >
              {
            </span>
            styles
            <span
              class="token punctuation"
            >
              .
            </span>
            copy
            <span
              class="token punctuation"
            >
              }
            </span>
          </span>
          <span
            class="token punctuation"
          >
            &gt;
          </span>
        </span>
        
      Supports Light and Dark Syntax Themes
    
        <span
          class="token tag"
        >
          <span
            class="token tag"
          >
            <span
              class="token punctuation"
            >
              &lt;/
            </span>
            p
          </span>
          <span
            class="token punctuation"
          >
            &gt;
          </span>
        </span>
        
  
        <span
          class="token tag"
        >
          <span
            class="token tag"
          >
            <span
              class="token punctuation"
            >
              &lt;/
            </span>
            div
          </span>
          <span
            class="token punctuation"
          >
            &gt;
          </span>
        </span>
        

        <span
          class="token punctuation"
        >
          )
        </span>
        


        <span
          class="token function"
        >
          render
        </span>
        <span
          class="token punctuation"
        >
          (
        </span>
        <span
          class="token tag"
        >
          <span
            class="token tag"
          >
            <span
              class="token punctuation"
            >
              &lt;
            </span>
            HelloWorld
          </span>
           
          <span
            class="token attr-name"
          >
            name
          </span>
          <span
            class="token attr-value"
          >
            <span
              class="token punctuation"
            >
              =
            </span>
            <span
              class="token punctuation"
            >
              "
            </span>
            Spectacle
            <span
              class="token punctuation"
            >
              "
            </span>
          </span>
           
          <span
            class="token punctuation"
          >
            /&gt;
          </span>
        </span>
        <span
          class="token punctuation"
        >
          )
        </span>
      </pre>
    </div>
  </div>
</div>
`;

exports[`<ComponentPlayground /> Should render the light theme correctly 1`] = `
<div
  class="react-live css-o32omv"
  scope="[object Object]"
>
  <div
    class="css-wx5pb5"
  >
    <div
      class="css-1j4k5g3"
    >
      Live Preview
    </div>
    <div
      class="css-1j4k5g3"
    >
      Source Code
      <button
        aria-label="Toggle full screen"
        class="css-1a7vuu6"
      >
        <svg
          viewBox="0 0 24 24"
        >
          <path
            d="M0 0h24v24H0z"
            fill="none"
          />
          <path
            d="M7 14H5v5h5v-2H7v-3zm-2-4h2V7h3V5H5v5zm12 7h-3v2h5v-5h-2v3zM14 5v2h3v3h2V5h-5z"
            fill="currentColor"
          />
        </svg>
      </button>
    </div>
  </div>
  <div
    class="css-wx5pb5"
  >
    <div
      class="css-1fc71w4"
    >
      <div
        class="react-live-preview css-zwvp9g"
      >
        <div>
          <h1
            style="font-size:2.25rem;font-weight:bold"
          >
            Create Live Code Examples in Spectacle!
          </h1>
          <p
            style="font-size:1.5rem"
          >
            Supports Light and Dark Syntax Themes
          </p>
        </div>
      </div>
    </div>
    <div
      class="css-1fc71w4"
    >
      <pre
        class="prism-code language-jsx builtin-prism-theme css-62ms6n"
        contenteditable="true"
        spellcheck="false"
      >
        <span
          class="token comment"
          spellcheck="true"
        >
          /**
 * Sample React Component
 * Output domContainerNode is 'mountNode'
 */
        </span>
        


        <span
          class="token keyword"
        >
          const
        </span>
         styles 
        <span
          class="token operator"
        >
          =
        </span>
         
        <span
          class="token punctuation"
        >
          {
        </span>
        
  heading
        <span
          class="token punctuation"
        >
          :
        </span>
         
        <span
          class="token punctuation"
        >
          {
        </span>
        
    fontSize
        <span
          class="token punctuation"
        >
          :
        </span>
         
        <span
          class="token string"
        >
          "2.25rem"
        </span>
        <span
          class="token punctuation"
        >
          ,
        </span>
        
    fontWeight
        <span
          class="token punctuation"
        >
          :
        </span>
         
        <span
          class="token string"
        >
          "bold"
        </span>
        
  
        <span
          class="token punctuation"
        >
          }
        </span>
        <span
          class="token punctuation"
        >
          ,
        </span>
        
  copy
        <span
          class="token punctuation"
        >
          :
        </span>
         
        <span
          class="token punctuation"
        >
          {
        </span>
        
    fontSize
        <span
          class="token punctuation"
        >
          :
        </span>
         
        <span
          class="token string"
        >
          "1.5rem"
        </span>
        
  
        <span
          class="token punctuation"
        >
          }
        </span>
        

        <span
          class="token punctuation"
        >
          }
        </span>
        


        <span
          class="token keyword"
        >
          const
        </span>
         
        <span
          class="token function-variable function"
        >
          HelloWorld
        </span>
         
        <span
          class="token operator"
        >
          =
        </span>
         
        <span
          class="token punctuation"
        >
          (
        </span>
        <span
          class="token punctuation"
        >
          {
        </span>
         name 
        <span
          class="token punctuation"
        >
          }
        </span>
        <span
          class="token punctuation"
        >
          )
        </span>
         
        <span
          class="token operator"
        >
          =&gt;
        </span>
         
        <span
          class="token punctuation"
        >
          (
        </span>
        
  
        <span
          class="token tag"
        >
          <span
            class="token tag"
          >
            <span
              class="token punctuation"
            >
              &lt;
            </span>
            div
          </span>
          <span
            class="token punctuation"
          >
            &gt;
          </span>
        </span>
        
    
        <span
          class="token tag"
        >
          <span
            class="token tag"
          >
            <span
              class="token punctuation"
            >
              &lt;
            </span>
            h1
          </span>
           
          <span
            class="token attr-name"
          >
            style
          </span>
          <span
            class="token script language-javascript"
          >
            <span
              class="token punctuation"
            >
              =
            </span>
            <span
              class="token punctuation"
            >
              {
            </span>
            styles
            <span
              class="token punctuation"
            >
              .
            </span>
            heading
            <span
              class="token punctuation"
            >
              }
            </span>
          </span>
          <span
            class="token punctuation"
          >
            &gt;
          </span>
        </span>
        
      Create Live Code Examples 
        <span
          class="token keyword"
        >
          in
        </span>
         
        <span
          class="token punctuation"
        >
          {
        </span>
        name
        <span
          class="token punctuation"
        >
          }
        </span>
        <span
          class="token operator"
        >
          !
        </span>
        
    
        <span
          class="token tag"
        >
          <span
            class="token tag"
          >
            <span
              class="token punctuation"
            >
              &lt;/
            </span>
            h1
          </span>
          <span
            class="token punctuation"
          >
            &gt;
          </span>
        </span>
        
    
        <span
          class="token tag"
        >
          <span
            class="token tag"
          >
            <span
              class="token punctuation"
            >
              &lt;
            </span>
            p
          </span>
           
          <span
            class="token attr-name"
          >
            style
          </span>
          <span
            class="token script language-javascript"
          >
            <span
              class="token punctuation"
            >
              =
            </span>
            <span
              class="token punctuation"
            >
              {
            </span>
            styles
            <span
              class="token punctuation"
            >
              .
            </span>
            copy
            <span
              class="token punctuation"
            >
              }
            </span>
          </span>
          <span
            class="token punctuation"
          >
            &gt;
          </span>
        </span>
        
      Supports Light and Dark Syntax Themes
    
        <span
          class="token tag"
        >
          <span
            class="token tag"
          >
            <span
              class="token punctuation"
            >
              &lt;/
            </span>
            p
          </span>
          <span
            class="token punctuation"
          >
            &gt;
          </span>
        </span>
        
  
        <span
          class="token tag"
        >
          <span
            class="token tag"
          >
            <span
              class="token punctuation"
            >
              &lt;/
            </span>
            div
          </span>
          <span
            class="token punctuation"
          >
            &gt;
          </span>
        </span>
        

        <span
          class="token punctuation"
        >
          )
        </span>
        


        <span
          class="token function"
        >
          render
        </span>
        <span
          class="token punctuation"
        >
          (
        </span>
        <span
          class="token tag"
        >
          <span
            class="token tag"
          >
            <span
              class="token punctuation"
            >
              &lt;
            </span>
            HelloWorld
          </span>
           
          <span
            class="token attr-name"
          >
            name
          </span>
          <span
            class="token attr-value"
          >
            <span
              class="token punctuation"
            >
              =
            </span>
            <span
              class="token punctuation"
            >
              "
            </span>
            Spectacle
            <span
              class="token punctuation"
            >
              "
            </span>
          </span>
           
          <span
            class="token punctuation"
          >
            /&gt;
          </span>
        </span>
        <span
          class="token punctuation"
        >
          )
        </span>
      </pre>
    </div>
  </div>
</div>
`;

exports[`<ComponentPlayground /> Should render with a custom background color 1`] = `
<div
  class="react-live css-o32omv"
  scope="[object Object]"
>
  <div
    class="css-wx5pb5"
  >
    <div
      class="css-1j4k5g3"
    >
      Live Preview
    </div>
    <div
      class="css-1j4k5g3"
    >
      Source Code
      <button
        aria-label="Toggle full screen"
        class="css-1a7vuu6"
      >
        <svg
          viewBox="0 0 24 24"
        >
          <path
            d="M0 0h24v24H0z"
            fill="none"
          />
          <path
            d="M7 14H5v5h5v-2H7v-3zm-2-4h2V7h3V5H5v5zm12 7h-3v2h5v-5h-2v3zM14 5v2h3v3h2V5h-5z"
            fill="currentColor"
          />
        </svg>
      </button>
    </div>
  </div>
  <div
    class="css-wx5pb5"
  >
    <div
      class="css-1fc71w4"
    >
      <div
        class="react-live-preview css-cv4xj2"
      >
        <div>
          <h1
            style="font-size:2.25rem;font-weight:bold"
          >
            Create Live Code Examples in Spectacle!
          </h1>
          <p
            style="font-size:1.5rem"
          >
            Supports Light and Dark Syntax Themes
          </p>
        </div>
      </div>
    </div>
    <div
      class="css-1fc71w4"
    >
      <pre
        class="prism-code language-jsx builtin-prism-theme css-62ms6n"
        contenteditable="true"
        spellcheck="false"
      >
        <span
          class="token comment"
          spellcheck="true"
        >
          /**
 * Sample React Component
 * Output domContainerNode is 'mountNode'
 */
        </span>
        


        <span
          class="token keyword"
        >
          const
        </span>
         styles 
        <span
          class="token operator"
        >
          =
        </span>
         
        <span
          class="token punctuation"
        >
          {
        </span>
        
  heading
        <span
          class="token punctuation"
        >
          :
        </span>
         
        <span
          class="token punctuation"
        >
          {
        </span>
        
    fontSize
        <span
          class="token punctuation"
        >
          :
        </span>
         
        <span
          class="token string"
        >
          "2.25rem"
        </span>
        <span
          class="token punctuation"
        >
          ,
        </span>
        
    fontWeight
        <span
          class="token punctuation"
        >
          :
        </span>
         
        <span
          class="token string"
        >
          "bold"
        </span>
        
  
        <span
          class="token punctuation"
        >
          }
        </span>
        <span
          class="token punctuation"
        >
          ,
        </span>
        
  copy
        <span
          class="token punctuation"
        >
          :
        </span>
         
        <span
          class="token punctuation"
        >
          {
        </span>
        
    fontSize
        <span
          class="token punctuation"
        >
          :
        </span>
         
        <span
          class="token string"
        >
          "1.5rem"
        </span>
        
  
        <span
          class="token punctuation"
        >
          }
        </span>
        

        <span
          class="token punctuation"
        >
          }
        </span>
        


        <span
          class="token keyword"
        >
          const
        </span>
         
        <span
          class="token function-variable function"
        >
          HelloWorld
        </span>
         
        <span
          class="token operator"
        >
          =
        </span>
         
        <span
          class="token punctuation"
        >
          (
        </span>
        <span
          class="token punctuation"
        >
          {
        </span>
         name 
        <span
          class="token punctuation"
        >
          }
        </span>
        <span
          class="token punctuation"
        >
          )
        </span>
         
        <span
          class="token operator"
        >
          =&gt;
        </span>
         
        <span
          class="token punctuation"
        >
          (
        </span>
        
  
        <span
          class="token tag"
        >
          <span
            class="token tag"
          >
            <span
              class="token punctuation"
            >
              &lt;
            </span>
            div
          </span>
          <span
            class="token punctuation"
          >
            &gt;
          </span>
        </span>
        
    
        <span
          class="token tag"
        >
          <span
            class="token tag"
          >
            <span
              class="token punctuation"
            >
              &lt;
            </span>
            h1
          </span>
           
          <span
            class="token attr-name"
          >
            style
          </span>
          <span
            class="token script language-javascript"
          >
            <span
              class="token punctuation"
            >
              =
            </span>
            <span
              class="token punctuation"
            >
              {
            </span>
            styles
            <span
              class="token punctuation"
            >
              .
            </span>
            heading
            <span
              class="token punctuation"
            >
              }
            </span>
          </span>
          <span
            class="token punctuation"
          >
            &gt;
          </span>
        </span>
        
      Create Live Code Examples 
        <span
          class="token keyword"
        >
          in
        </span>
         
        <span
          class="token punctuation"
        >
          {
        </span>
        name
        <span
          class="token punctuation"
        >
          }
        </span>
        <span
          class="token operator"
        >
          !
        </span>
        
    
        <span
          class="token tag"
        >
          <span
            class="token tag"
          >
            <span
              class="token punctuation"
            >
              &lt;/
            </span>
            h1
          </span>
          <span
            class="token punctuation"
          >
            &gt;
          </span>
        </span>
        
    
        <span
          class="token tag"
        >
          <span
            class="token tag"
          >
            <span
              class="token punctuation"
            >
              &lt;
            </span>
            p
          </span>
           
          <span
            class="token attr-name"
          >
            style
          </span>
          <span
            class="token script language-javascript"
          >
            <span
              class="token punctuation"
            >
              =
            </span>
            <span
              class="token punctuation"
            >
              {
            </span>
            styles
            <span
              class="token punctuation"
            >
              .
            </span>
            copy
            <span
              class="token punctuation"
            >
              }
            </span>
          </span>
          <span
            class="token punctuation"
          >
            &gt;
          </span>
        </span>
        
      Supports Light and Dark Syntax Themes
    
        <span
          class="token tag"
        >
          <span
            class="token tag"
          >
            <span
              class="token punctuation"
            >
              &lt;/
            </span>
            p
          </span>
          <span
            class="token punctuation"
          >
            &gt;
          </span>
        </span>
        
  
        <span
          class="token tag"
        >
          <span
            class="token tag"
          >
            <span
              class="token punctuation"
            >
              &lt;/
            </span>
            div
          </span>
          <span
            class="token punctuation"
          >
            &gt;
          </span>
        </span>
        

        <span
          class="token punctuation"
        >
          )
        </span>
        


        <span
          class="token function"
        >
          render
        </span>
        <span
          class="token punctuation"
        >
          (
        </span>
        <span
          class="token tag"
        >
          <span
            class="token tag"
          >
            <span
              class="token punctuation"
            >
              &lt;
            </span>
            HelloWorld
          </span>
           
          <span
            class="token attr-name"
          >
            name
          </span>
          <span
            class="token attr-value"
          >
            <span
              class="token punctuation"
            >
              =
            </span>
            <span
              class="token punctuation"
            >
              "
            </span>
            Spectacle
            <span
              class="token punctuation"
            >
              "
            </span>
          </span>
           
          <span
            class="token punctuation"
          >
            /&gt;
          </span>
        </span>
        <span
          class="token punctuation"
        >
          )
        </span>
      </pre>
    </div>
  </div>
</div>
`;

exports[`<ComponentPlayground /> Should render with a custom code block 1`] = `
<div
  class="react-live css-o32omv"
  scope="[object Object]"
>
  <div
    class="css-wx5pb5"
  >
    <div
      class="css-1j4k5g3"
    >
      Live Preview
    </div>
    <div
      class="css-1j4k5g3"
    >
      Source Code
      <button
        aria-label="Toggle full screen"
        class="css-1a7vuu6"
      >
        <svg
          viewBox="0 0 24 24"
        >
          <path
            d="M0 0h24v24H0z"
            fill="none"
          />
          <path
            d="M7 14H5v5h5v-2H7v-3zm-2-4h2V7h3V5H5v5zm12 7h-3v2h5v-5h-2v3zM14 5v2h3v3h2V5h-5z"
            fill="currentColor"
          />
        </svg>
      </button>
    </div>
  </div>
  <div
    class="css-wx5pb5"
  >
    <div
      class="css-1fc71w4"
    >
      <div
        class="react-live-preview css-cv4xj2"
      />
      <div
        class="react-live-error css-1qmf1kp"
      >
        ReferenceError: mountNode is not defined
      </div>
    </div>
    <div
      class="css-1fc71w4"
    >
      <pre
        class="prism-code language-jsx builtin-prism-theme css-62ms6n"
        contenteditable="true"
        spellcheck="false"
      >
        <span
          class="token keyword"
        >
          const
        </span>
         
        <span
          class="token function-variable function"
        >
          Button
        </span>
         
        <span
          class="token operator"
        >
          =
        </span>
         
        <span
          class="token punctuation"
        >
          (
        </span>
        <span
          class="token punctuation"
        >
          {
        </span>
         title 
        <span
          class="token punctuation"
        >
          }
        </span>
        <span
          class="token punctuation"
        >
          )
        </span>
         
        <span
          class="token operator"
        >
          =&gt;
        </span>
         
        <span
          class="token punctuation"
        >
          (
        </span>
        <span
          class="token tag"
        >
          <span
            class="token tag"
          >
            <span
              class="token punctuation"
            >
              &lt;
            </span>
            button
          </span>
           
          <span
            class="token attr-name"
          >
            type
          </span>
          <span
            class="token attr-value"
          >
            <span
              class="token punctuation"
            >
              =
            </span>
            <span
              class="token punctuation"
            >
              "
            </span>
            button
            <span
              class="token punctuation"
            >
              "
            </span>
          </span>
          <span
            class="token punctuation"
          >
            &gt;
          </span>
        </span>
        <span
          class="token punctuation"
        >
          {
        </span>
         title 
        <span
          class="token punctuation"
        >
          }
        </span>
        <span
          class="token tag"
        >
          <span
            class="token tag"
          >
            <span
              class="token punctuation"
            >
              &lt;/
            </span>
            button
          </span>
          <span
            class="token punctuation"
          >
            &gt;
          </span>
        </span>
        <span
          class="token punctuation"
        >
          )
        </span>
        <span
          class="token punctuation"
        >
          ;
        </span>
        
      
        <span
          class="token function"
        >
          render
        </span>
        <span
          class="token punctuation"
        >
          (
        </span>
        <span
          class="token tag"
        >
          <span
            class="token tag"
          >
            <span
              class="token punctuation"
            >
              &lt;
            </span>
            Button
          </span>
           
          <span
            class="token attr-name"
          >
            title
          </span>
          <span
            class="token attr-value"
          >
            <span
              class="token punctuation"
            >
              =
            </span>
            <span
              class="token punctuation"
            >
              "
            </span>
            My Button
            <span
              class="token punctuation"
            >
              "
            </span>
          </span>
           
          <span
            class="token punctuation"
          >
            /&gt;
          </span>
        </span>
        <span
          class="token punctuation"
        >
          ,
        </span>
         mountNode
        <span
          class="token punctuation"
        >
          )
        </span>
        <span
          class="token punctuation"
        >
          ;
        </span>
      </pre>
    </div>
  </div>
</div>
`;
