// Jest Snapshot v1, https://goo.gl/fbAQLP

exports[`<Fullscreen /> should render correctly. 1`] = `
<Fullscreen
  onClick={[Function]}
>
  <Styled(FullscreenButton)
    isFullscreen={false}
    onClick={[Function]}
  >
    <FullscreenButton
      className="css-12w3q3u e4v3eea0"
      isFullscreen={false}
      onClick={[Function]}
    >
      <Styled(button)
        aria-label="Toggle full screen"
        className="css-12w3q3u e4v3eea0"
        onClick={[Function]}
      >
        <button
          aria-label="Toggle full screen"
          className="e4v3eea0 css-11lfetj ev51h780"
          onClick={[Function]}
        >
          <svg
            viewBox="0 0 512 512"
          >
            <path
              d="M396.795 396.8H320V448h128V320h-51.205zM396.8 115.205V192H448V64H320v51.205zM115.205 115.2H192V64H64v128h51.205zM115.2 396.795V320H64v128h128v-51.205z"
              fill="currentColor"
            />
          </svg>
        </button>
      </Styled(button)>
    </FullscreenButton>
  </Styled(FullscreenButton)>
</Fullscreen>
`;
