// Jest Snapshot v1, https://goo.gl/fbAQLP

exports[`<Image /> should render correctly. 1`] = `
<Image
  display="inline-block"
  height={1440}
  src="foo.png"
  width={2560}
>
  <Styled(img)
    src="foo.png"
    styles={
      Object {
        "base": Object {
          "height": 1440,
        },
        "context": Object {},
        "props": Object {
          "display": "inline-block",
          "height": 1440,
          "width": 2560,
        },
        "user": undefined,
      }
    }
  >
    <img
      className="css-17as7hl e5br7ws0"
      src="foo.png"
    />
  </Styled(img)>
</Image>
`;
