// Jest Snapshot v1, https://goo.gl/fbAQLP

exports[`<Quote /> should render correctly 1`] = `
<Quote>
  <Styled(span)
    className={undefined}
    styles={
      Array [
        Object {
          "color": "#ff0",
        },
        Object {},
        Object {},
        undefined,
      ]
    }
  >
    <span
      className="css-tr63ps"
    >
      Hello There!
    </span>
  </Styled(span)>
</Quote>
`;
