// Jest Snapshot v1, https://goo.gl/fbAQLP

exports[`<SlideSet /> should render correctly 1`] = `
<SlideSet
  hasSlideChildren={true}
>
  <div>
    <MockSlide>
      <div>
        Slide Content
      </div>
    </MockSlide>
    <MockSlide>
      <div>
        Slide Content
      </div>
    </MockSlide>
  </div>
</SlideSet>
`;
