// Jest Snapshot v1, https://goo.gl/fbAQLP

exports[`<TableRow /> should render correctly 1`] = `
<TableRow>
  <Styled(tr)
    styles={
      Array [
        Object {
          "color": "#00f",
        },
        Object {},
        undefined,
      ]
    }
  >
    <tr
      className="css-1jziecw emir1a80"
    >
      <td>
        Table Row Content
      </td>
    </tr>
  </Styled(tr)>
</TableRow>
`;
