// Jest Snapshot v1, https://goo.gl/fbAQLP

exports[`<Table /> should render correctly 1`] = `
<Table>
  <table
    className={undefined}
    data-radium={true}
    style={Object {}}
  >
    <tbody>
      <tr>
        <td>
          Table Content
        </td>
      </tr>
    </tbody>
  </table>
</Table>
`;
