// Jest Snapshot v1, https://goo.gl/fbAQLP

exports[`<TableRow /> should render correctly 1`] = `
<TableRow>
  <Styled(tr)
    className={undefined}
    style={
      Array [
        Object {
          "color": "#00f",
        },
        Object {},
        undefined,
      ]
    }
  >
    <tr
      className="css-0"
      style={
        Array [
          Object {
            "color": "#00f",
          },
          Object {},
          undefined,
        ]
      }
    >
      <td>
        Table Row Content
      </td>
    </tr>
  </Styled(tr)>
</TableRow>
`;
