// Jest Snapshot v1, https://goo.gl/fbAQLP

exports[`<TableHeaderItem /> should render correctly 1`] = `
<TableHeaderItem>
  <Styled(td)
    className={undefined}
    style={
      Array [
        Object {
          "color": "#e01",
        },
        Object {},
        Object {},
        undefined,
      ]
    }
  >
    <td
      className="css-0"
      style={
        Array [
          Object {
            "color": "#e01",
          },
          Object {},
          Object {},
          undefined,
        ]
      }
    >
      Header Text
    </td>
  </Styled(td)>
</TableHeaderItem>
`;
