// Jest Snapshot v1, https://goo.gl/fbAQLP

exports[`<TableHeaderItem /> should render correctly 1`] = `
<TableHeaderItem>
  <Styled(td)
    className={undefined}
    style={
      Object {
        "color": "#e01",
      }
    }
  >
    <td
      className="css-0"
      style={
        Object {
          "color": "#e01",
        }
      }
    >
      Header Text
    </td>
  </Styled(td)>
</TableHeaderItem>
`;
