// Jest Snapshot v1, https://goo.gl/fbAQLP

exports[`<Typeface /> should render the children when using a Google font. 1`] = `
<Typeface
  googleFont="Roboto Slab"
  italic={true}
  weight={700}
>
  <div>
    <GoogleFont
      typography={
        Object {
          "options": Object {
            "googleFonts": Array [
              Object {
                "name": "Roboto Slab",
                "styles": Array [
                  "700i",
                ],
              },
            ],
          },
          "title": "Roboto Slab",
        }
      }
    >
      <link
        href="//fonts.googleapis.com/css?family=Roboto+Slab:700i"
        rel="stylesheet"
        type="text/css"
      />
    </GoogleFont>
    <MockComponent>
      <div
        style={
          Object {
            "fontFamily": "Roboto Slab",
            "fontStyle": "italic",
            "fontWeight": 700,
          }
        }
      >
        Hello!
      </div>
    </MockComponent>
  </div>
</Typeface>
`;

exports[`<Typeface /> should render the children when using a system font. 1`] = `
<Typeface
  font="SF UI Text"
  weight={400}
>
  <div>
    <MockComponent>
      <div
        style={
          Object {
            "fontFamily": "SF UI Text",
            "fontStyle": "normal",
            "fontWeight": 400,
          }
        }
      >
        Hello!
      </div>
    </MockComponent>
  </div>
</Typeface>
`;
